        ========================
        Pyarmor Runtime (005387) Information:
        Product: RCBld
[Runtime AES key omitted from archived log]
        Mix string AES nonce: 692e5243426c64d03404383c
        ========================
INFO     2026-09-07 09:55:33,372      Found data in binary: weather.pyc
INFO     2026-09-07 09:55:33,372      Found data in binary: lib.pyc
INFO     2026-09-07 09:55:33,372      Found data in binary: RCBldEng.pyc
INFO     2026-09-07 09:55:33,372      Found data in binary: comfort.pyc
INFO     2026-09-07 09:55:33,373      Found data in binary: simulation.pyc
INFO     2026-09-07 09:55:33,373      Using executable: pyarmor-1shot
INFO     2026-09-07 09:55:33,373      Decrypting: 005387 (weather.pyc)
WARNING  2026-09-07 09:55:33,382      PYCDC: Warning: block stack is not empty! at <module> (weather.pyc)
WARNING  2026-09-07 09:55:33,382      PYCDC: Warning: block stack is not empty! at Weather (weather.pyc)
WARNING  2026-09-07 09:55:33,382      PYCDC: Warning: block stack is not empty! at __init__ (weather.pyc)
WARNING  2026-09-07 09:55:33,382      PYCDC: Warning: Stack history is empty, something wrong might have happened at getWeather (weather.pyc)
WARNING  2026-09-07 09:55:33,382      PYCDC: Warning: block stack is not empty! at getWeather (weather.pyc)
WARNING  2026-09-07 09:55:33,382      PYCDC: Warning: block stack is not empty! at cal_Ydate (weather.pyc)
WARNING  2026-09-07 09:55:33,382      PYCDC: Warning: block stack is not empty! at cal_tao (weather.pyc)
WARNING  2026-09-07 09:55:33,382      PYCDC: Warning: block stack is not empty! at cal_ET (weather.pyc)
WARNING  2026-09-07 09:55:33,382      PYCDC: Warning: block stack is not empty! at cal_AST (weather.pyc)
WARNING  2026-09-07 09:55:33,382      PYCDC: Warning: block stack is not empty! at cal_solarDegree (weather.pyc)
WARNING  2026-09-07 09:55:33,382      PYCDC: Warning: block stack is not empty! at cal_azimuth (weather.pyc)
WARNING  2026-09-07 09:55:33,382      PYCDC: Warning: block stack is not empty! at cal_surface (weather.pyc)
WARNING  2026-09-07 09:55:33,382      PYCDC: Warning: block stack is not empty! at cal_mmv (weather.pyc)
WARNING  2026-09-07 09:55:33,382      PYCDC: Warning: block stack is not empty! at recurse (weather.pyc)
WARNING  2026-09-07 09:55:33,382      PYCDC: Warning: block stack is not empty! at cal_SRF (weather.pyc)
WARNING  2026-09-07 09:55:33,382      PYCDC: Warning: block stack is not empty! at cal_Esol (weather.pyc)
WARNING  2026-09-07 09:55:33,382      PYCDC: Warning: Stack history is not empty! at getCalDict (weather.pyc)
WARNING  2026-09-07 09:55:33,382      PYCDC: Warning: block stack is not empty! at getCalDict (weather.pyc)
WARNING  2026-09-07 09:55:33,382      PYCDC: Warning: Stack history is not empty! at getWeaDict (weather.pyc)
WARNING  2026-09-07 09:55:33,382      PYCDC: Warning: block stack is not empty! at getWeaDict (weather.pyc)
INFO     2026-09-07 09:55:33,382      Decrypting: 005387 (lib.pyc)
WARNING  2026-09-07 09:55:33,391      PYCDC: Warning: block stack is not empty! at <module> (lib.pyc)
WARNING  2026-09-07 09:55:33,391      PYCDC: Warning: block stack is not empty! at Surface (lib.pyc)
WARNING  2026-09-07 09:55:33,391      PYCDC: Warning: block stack is not empty! at __init__ (lib.pyc)
WARNING  2026-09-07 09:55:33,391      PYCDC: Warning: block stack is not empty! at iterAttributes (lib.pyc)
WARNING  2026-09-07 09:55:33,391      PYCDC: Warning: block stack is not empty! at Ground (lib.pyc)
WARNING  2026-09-07 09:55:33,391      PYCDC: Warning: block stack is not empty! at __init__ (lib.pyc)
WARNING  2026-09-07 09:55:33,391      PYCDC: Warning: block stack is not empty! at getParameters (lib.pyc)
WARNING  2026-09-07 09:55:33,391      PYCDC: Warning: Stack history is not empty! at __str__ (lib.pyc)
WARNING  2026-09-07 09:55:33,391      PYCDC: Warning: block stack is not empty! at __str__ (lib.pyc)
WARNING  2026-09-07 09:55:33,391      PYCDC: Warning: block stack is not empty! at Envelope_Heat_Capacity_Class (lib.pyc)
WARNING  2026-09-07 09:55:33,391      PYCDC: Warning: block stack is not empty! at __init__ (lib.pyc)
WARNING  2026-09-07 09:55:33,391      PYCDC: Warning: block stack is not empty! at getParameters (lib.pyc)
WARNING  2026-09-07 09:55:33,391      PYCDC: Warning: Stack history is not empty! at __str__ (lib.pyc)
WARNING  2026-09-07 09:55:33,391      PYCDC: Warning: block stack is not empty! at __str__ (lib.pyc)
WARNING  2026-09-07 09:55:33,391      PYCDC: Warning: block stack is not empty! at Wall (lib.pyc)
WARNING  2026-09-07 09:55:33,391      PYCDC: Warning: block stack is not empty! at __init__ (lib.pyc)
WARNING  2026-09-07 09:55:33,391      PYCDC: Warning: block stack is not empty! at getParameters (lib.pyc)
WARNING  2026-09-07 09:55:33,391      PYCDC: Warning: Stack history is not empty! at __str__ (lib.pyc)
WARNING  2026-09-07 09:55:33,391      PYCDC: Warning: block stack is not empty! at __str__ (lib.pyc)
WARNING  2026-09-07 09:55:33,391      PYCDC: Warning: block stack is not empty! at Windows (lib.pyc)
WARNING  2026-09-07 09:55:33,391      PYCDC: Warning: block stack is not empty! at __init__ (lib.pyc)
WARNING  2026-09-07 09:55:33,391      PYCDC: Warning: block stack is not empty! at getParameters (lib.pyc)
WARNING  2026-09-07 09:55:33,391      PYCDC: Warning: Stack history is not empty! at __str__ (lib.pyc)
WARNING  2026-09-07 09:55:33,391      PYCDC: Warning: block stack is not empty! at __str__ (lib.pyc)
WARNING  2026-09-07 09:55:33,391      PYCDC: Warning: block stack is not empty! at Basement (lib.pyc)
WARNING  2026-09-07 09:55:33,391      PYCDC: Warning: block stack is not empty! at __init__ (lib.pyc)
WARNING  2026-09-07 09:55:33,391      PYCDC: Warning: block stack is not empty! at printByComponent (lib.pyc)
WARNING  2026-09-07 09:55:33,391      PYCDC: Warning: block stack is not empty! at Schedule (lib.pyc)
WARNING  2026-09-07 09:55:33,391      PYCDC: Warning: block stack is not empty! at __init__ (lib.pyc)
WARNING  2026-09-07 09:55:33,391      PYCDC: Warning: Stack history is not empty! at sched2Array (lib.pyc)
WARNING  2026-09-07 09:55:33,391      PYCDC: Warning: block stack is not empty! at sched2Array (lib.pyc)
WARNING  2026-09-07 09:55:33,391      PYCDC: Warning: block stack is not empty! at parseOrigDict (lib.pyc)
WARNING  2026-09-07 09:55:33,391      PYCDC: Warning: Stack history is not empty! at getSchedule (lib.pyc)
WARNING  2026-09-07 09:55:33,391      PYCDC: Warning: block stack is not empty! at getSchedule (lib.pyc)
WARNING  2026-09-07 09:55:33,391      PYCDC: Warning: block stack is not empty! at Shading (lib.pyc)
WARNING  2026-09-07 09:55:33,391      PYCDC: Warning: block stack is not empty! at __init__ (lib.pyc)
WARNING  2026-09-07 09:55:33,391      PYCDC: Warning: block stack is not empty! at getParameters (lib.pyc)
WARNING  2026-09-07 09:55:33,391      PYCDC: Warning: Stack history is not empty! at __str__ (lib.pyc)
WARNING  2026-09-07 09:55:33,391      PYCDC: Warning: block stack is not empty! at __str__ (lib.pyc)
WARNING  2026-09-07 09:55:33,391      PYCDC: Warning: block stack is not empty! at Infiltration_Leak_Level (lib.pyc)
WARNING  2026-09-07 09:55:33,391      PYCDC: Warning: block stack is not empty! at __init__ (lib.pyc)
WARNING  2026-09-07 09:55:33,391      PYCDC: Warning: block stack is not empty! at getParameters (lib.pyc)
WARNING  2026-09-07 09:55:33,391      PYCDC: Warning: Stack history is not empty! at __str__ (lib.pyc)
WARNING  2026-09-07 09:55:33,391      PYCDC: Warning: block stack is not empty! at __str__ (lib.pyc)
WARNING  2026-09-07 09:55:33,391      PYCDC: Warning: block stack is not empty! at Natural_Ventilation (lib.pyc)
WARNING  2026-09-07 09:55:33,391      PYCDC: Warning: block stack is not empty! at __init__ (lib.pyc)
WARNING  2026-09-07 09:55:33,391      PYCDC: Warning: block stack is not empty! at getParameters (lib.pyc)
WARNING  2026-09-07 09:55:33,391      PYCDC: Warning: Stack history is not empty! at __str__ (lib.pyc)
WARNING  2026-09-07 09:55:33,391      PYCDC: Warning: block stack is not empty! at __str__ (lib.pyc)
WARNING  2026-09-07 09:55:33,391      PYCDC: Warning: block stack is not empty! at Heat_Recovery_Sys (lib.pyc)
WARNING  2026-09-07 09:55:33,391      PYCDC: Warning: block stack is not empty! at __init__ (lib.pyc)
WARNING  2026-09-07 09:55:33,391      PYCDC: Warning: block stack is not empty! at getParameters (lib.pyc)
WARNING  2026-09-07 09:55:33,391      PYCDC: Warning: Stack history is not empty! at __str__ (lib.pyc)
WARNING  2026-09-07 09:55:33,391      PYCDC: Warning: block stack is not empty! at __str__ (lib.pyc)
WARNING  2026-09-07 09:55:33,391      PYCDC: Warning: block stack is not empty! at Terrain_Class (lib.pyc)
WARNING  2026-09-07 09:55:33,391      PYCDC: Warning: block stack is not empty! at __init__ (lib.pyc)
WARNING  2026-09-07 09:55:33,391      PYCDC: Warning: block stack is not empty! at getParameters (lib.pyc)
WARNING  2026-09-07 09:55:33,391      PYCDC: Warning: Stack history is not empty! at __str__ (lib.pyc)
WARNING  2026-09-07 09:55:33,391      PYCDC: Warning: block stack is not empty! at __str__ (lib.pyc)
WARNING  2026-09-07 09:55:33,391      PYCDC: Warning: block stack is not empty! at Exhaust_Air_Recirculation (lib.pyc)
WARNING  2026-09-07 09:55:33,391      PYCDC: Warning: block stack is not empty! at __init__ (lib.pyc)
WARNING  2026-09-07 09:55:33,391      PYCDC: Warning: block stack is not empty! at getParameters (lib.pyc)
WARNING  2026-09-07 09:55:33,392      PYCDC: Warning: Stack history is not empty! at __str__ (lib.pyc)
WARNING  2026-09-07 09:55:33,392      PYCDC: Warning: block stack is not empty! at __str__ (lib.pyc)
WARNING  2026-09-07 09:55:33,392      PYCDC: Warning: block stack is not empty! at HVAC_Sys (lib.pyc)
WARNING  2026-09-07 09:55:33,392      PYCDC: Warning: block stack is not empty! at __init__ (lib.pyc)
WARNING  2026-09-07 09:55:33,392      PYCDC: Warning: block stack is not empty! at getParameters (lib.pyc)
WARNING  2026-09-07 09:55:33,392      PYCDC: Warning: Stack history is not empty! at __str__ (lib.pyc)
WARNING  2026-09-07 09:55:33,392      PYCDC: Warning: block stack is not empty! at __str__ (lib.pyc)
WARNING  2026-09-07 09:55:33,392      PYCDC: Warning: block stack is not empty! at BEM_Sys (lib.pyc)
WARNING  2026-09-07 09:55:33,392      PYCDC: Warning: block stack is not empty! at __init__ (lib.pyc)
WARNING  2026-09-07 09:55:33,392      PYCDC: Warning: block stack is not empty! at getParameters (lib.pyc)
WARNING  2026-09-07 09:55:33,392      PYCDC: Warning: Stack history is not empty! at __str__ (lib.pyc)
WARNING  2026-09-07 09:55:33,392      PYCDC: Warning: block stack is not empty! at __str__ (lib.pyc)
WARNING  2026-09-07 09:55:33,392      PYCDC: Warning: block stack is not empty! at Fan (lib.pyc)
WARNING  2026-09-07 09:55:33,392      PYCDC: Warning: block stack is not empty! at __init__ (lib.pyc)
WARNING  2026-09-07 09:55:33,392      PYCDC: Warning: Stack history is not empty! at __str__ (lib.pyc)
WARNING  2026-09-07 09:55:33,392      PYCDC: Warning: block stack is not empty! at __str__ (lib.pyc)
WARNING  2026-09-07 09:55:33,392      PYCDC: Warning: block stack is not empty! at Pump_Sys (lib.pyc)
WARNING  2026-09-07 09:55:33,392      PYCDC: Warning: block stack is not empty! at __init__ (lib.pyc)
WARNING  2026-09-07 09:55:33,392      PYCDC: Warning: block stack is not empty! at getParameters (lib.pyc)
WARNING  2026-09-07 09:55:33,392      PYCDC: Warning: Stack history is not empty! at __str__ (lib.pyc)
WARNING  2026-09-07 09:55:33,392      PYCDC: Warning: block stack is not empty! at __str__ (lib.pyc)
WARNING  2026-09-07 09:55:33,392      PYCDC: Warning: block stack is not empty! at DHW_Sys (lib.pyc)
WARNING  2026-09-07 09:55:33,392      PYCDC: Warning: block stack is not empty! at __init__ (lib.pyc)
WARNING  2026-09-07 09:55:33,392      PYCDC: Warning: block stack is not empty! at getParameters (lib.pyc)
WARNING  2026-09-07 09:55:33,392      PYCDC: Warning: Stack history is not empty! at __str__ (lib.pyc)
WARNING  2026-09-07 09:55:33,392      PYCDC: Warning: block stack is not empty! at __str__ (lib.pyc)
WARNING  2026-09-07 09:55:33,392      PYCDC: Warning: block stack is not empty! at PV_Sys (lib.pyc)
WARNING  2026-09-07 09:55:33,392      PYCDC: Warning: block stack is not empty! at __init__ (lib.pyc)
WARNING  2026-09-07 09:55:33,392      PYCDC: Warning: block stack is not empty! at getParameters (lib.pyc)
WARNING  2026-09-07 09:55:33,392      PYCDC: Warning: Stack history is not empty! at __str__ (lib.pyc)
WARNING  2026-09-07 09:55:33,392      PYCDC: Warning: block stack is not empty! at __str__ (lib.pyc)
WARNING  2026-09-07 09:55:33,392      PYCDC: Warning: block stack is not empty! at Primary_Energy_Factor (lib.pyc)
WARNING  2026-09-07 09:55:33,392      PYCDC: Warning: block stack is not empty! at __init__ (lib.pyc)
WARNING  2026-09-07 09:55:33,392      PYCDC: Warning: block stack is not empty! at getParameters (lib.pyc)
WARNING  2026-09-07 09:55:33,392      PYCDC: Warning: Stack history is not empty! at __str__ (lib.pyc)
WARNING  2026-09-07 09:55:33,392      PYCDC: Warning: block stack is not empty! at __str__ (lib.pyc)
WARNING  2026-09-07 09:55:33,392      PYCDC: Warning: block stack is not empty! at Building_Type (lib.pyc)
WARNING  2026-09-07 09:55:33,392      PYCDC: Warning: block stack is not empty! at __init__ (lib.pyc)
WARNING  2026-09-07 09:55:33,392      PYCDC: Warning: block stack is not empty! at Read_Inputs (lib.pyc)
WARNING  2026-09-07 09:55:33,392      PYCDC: Warning: block stack is not empty! at __init__ (lib.pyc)
WARNING  2026-09-07 09:55:33,392      PYCDC: Warning: Stack history is empty, something wrong might have happened at readFile (lib.pyc)
WARNING  2026-09-07 09:55:33,392      PYCDC: Warning: Stack history is not empty! at readFile (lib.pyc)
WARNING  2026-09-07 09:55:33,392      PYCDC: Warning: block stack is not empty! at readFile (lib.pyc)
WARNING  2026-09-07 09:55:33,392      PYCDC: Warning: block stack is not empty! at line2Dict (lib.pyc)
WARNING  2026-09-07 09:55:33,392      PYCDC: Warning: Stack history is not empty! at parseLines2SubDict (lib.pyc)
WARNING  2026-09-07 09:55:33,392      PYCDC: Warning: block stack is not empty! at parseLines2SubDict (lib.pyc)
WARNING  2026-09-07 09:55:33,392      PYCDC: Warning: Stack history is not empty! at readSubDicts (lib.pyc)
WARNING  2026-09-07 09:55:33,392      PYCDC: Warning: block stack is not empty! at readSubDicts (lib.pyc)
WARNING  2026-09-07 09:55:33,392      PYCDC: Warning: block stack is not empty! at readIntoMainDict (lib.pyc)
WARNING  2026-09-07 09:55:33,392      PYCDC: Warning: Stack history is not empty! at getInputDict (lib.pyc)
WARNING  2026-09-07 09:55:33,392      PYCDC: Warning: block stack is not empty! at getInputDict (lib.pyc)
WARNING  2026-09-07 09:55:33,392      PYCDC: Warning: block stack is not empty! at printDict (lib.pyc)
WARNING  2026-09-07 09:55:33,392      PYCDC: Warning: block stack is not empty! at Pre_Calculation (lib.pyc)
WARNING  2026-09-07 09:55:33,392      PYCDC: Warning: block stack is not empty! at __init__ (lib.pyc)
WARNING  2026-09-07 09:55:33,392      PYCDC: Warning: block stack is not empty! at getGeneralInfo (lib.pyc)
WARNING  2026-09-07 09:55:33,392      PYCDC: Warning: block stack is not empty! at ifEmptyEnvelope (lib.pyc)
WARNING  2026-09-07 09:55:33,392      PYCDC: Warning: block stack is not empty! at getZoneInfo (lib.pyc)
WARNING  2026-09-07 09:55:33,392      PYCDC: Warning: Stack history is not empty! at getEnvelopes (lib.pyc)
WARNING  2026-09-07 09:55:33,392      PYCDC: Warning: block stack is not empty! at getEnvelopes (lib.pyc)
WARNING  2026-09-07 09:55:33,392      PYCDC: Warning: Stack history is not empty! at getHVAC (lib.pyc)
WARNING  2026-09-07 09:55:33,392      PYCDC: Warning: block stack is not empty! at getHVAC (lib.pyc)
WARNING  2026-09-07 09:55:33,392      PYCDC: Warning: Stack history is not empty! at getVent (lib.pyc)
WARNING  2026-09-07 09:55:33,392      PYCDC: Warning: block stack is not empty! at getVent (lib.pyc)
WARNING  2026-09-07 09:55:33,392      PYCDC: Warning: Stack history is not empty! at getLightings (lib.pyc)
WARNING  2026-09-07 09:55:33,392      PYCDC: Warning: block stack is not empty! at getLightings (lib.pyc)
WARNING  2026-09-07 09:55:33,392      PYCDC: Warning: Stack history is not empty! at getFans (lib.pyc)
WARNING  2026-09-07 09:55:33,392      PYCDC: Warning: block stack is not empty! at getFans (lib.pyc)
WARNING  2026-09-07 09:55:33,392      PYCDC: Warning: Stack history is not empty! at getPumps (lib.pyc)
WARNING  2026-09-07 09:55:33,392      PYCDC: Warning: block stack is not empty! at getPumps (lib.pyc)
WARNING  2026-09-07 09:55:33,392      PYCDC: Warning: block stack is not empty! at getDHW (lib.pyc)
WARNING  2026-09-07 09:55:33,392      PYCDC: Warning: block stack is not empty! at getPV (lib.pyc)
WARNING  2026-09-07 09:55:33,392      PYCDC: Warning: block stack is not empty! at getWindSys (lib.pyc)
WARNING  2026-09-07 09:55:33,392      PYCDC: Warning: Stack history is not empty! at getDict (lib.pyc)
WARNING  2026-09-07 09:55:33,392      PYCDC: Warning: block stack is not empty! at getDict (lib.pyc)
WARNING  2026-09-07 09:55:33,392      PYCDC: Warning: block stack is not empty! at printDict (lib.pyc)
WARNING  2026-09-07 09:55:33,392      PYCDC: Warning: block stack is not empty! at SubSystem (lib.pyc)
WARNING  2026-09-07 09:55:33,392      PYCDC: Warning: block stack is not empty! at __init__ (lib.pyc)
INFO     2026-09-07 09:55:33,392      Decrypting: 005387 (RCBldEng.pyc)
ERROR    2026-09-07 09:55:33,393      PYCDC: Unsupported opcode: DICT_MERGE (310) at <module> (RCBldEng.pyc)
INFO     2026-09-07 09:55:33,393      Decrypting: 005387 (comfort.pyc)
WARNING  2026-09-07 09:55:33,395      PYCDC: Warning: block stack is not empty! at <module> (comfort.pyc)
WARNING  2026-09-07 09:55:33,395      PYCDC: Warning: Stack history is not empty! at findSaturatedVaporPressureTorr (comfort.pyc)
WARNING  2026-09-07 09:55:33,395      PYCDC: Warning: block stack is not empty! at findSaturatedVaporPressureTorr (comfort.pyc)
WARNING  2026-09-07 09:55:33,395      PYCDC: Warning: Stack history is not empty! at comfPMVElevatedAirspeed (comfort.pyc)
WARNING  2026-09-07 09:55:33,395      PYCDC: Warning: block stack is not empty! at comfPMVElevatedAirspeed (comfort.pyc)
WARNING  2026-09-07 09:55:33,395      PYCDC: Warning: Stack history is not empty! at utilSecant (comfort.pyc)
WARNING  2026-09-07 09:55:33,395      PYCDC: Warning: block stack is not empty! at utilSecant (comfort.pyc)
WARNING  2026-09-07 09:55:33,395      PYCDC: Warning: Stack history is not empty! at fn (comfort.pyc)
WARNING  2026-09-07 09:55:33,395      PYCDC: Warning: block stack is not empty! at fn (comfort.pyc)
WARNING  2026-09-07 09:55:33,395      PYCDC: Warning: Stack history is not empty! at comfPMV (comfort.pyc)
WARNING  2026-09-07 09:55:33,395      PYCDC: Warning: block stack is not empty! at comfPMV (comfort.pyc)
WARNING  2026-09-07 09:55:33,395      PYCDC: Warning: Stack history is not empty! at comfPierceSET (comfort.pyc)
WARNING  2026-09-07 09:55:33,395      PYCDC: Warning: block stack is not empty! at comfPierceSET (comfort.pyc)
WARNING  2026-09-07 09:55:33,395      PYCDC: Warning: Stack history is not empty! at calcHumidRatio (comfort.pyc)
WARNING  2026-09-07 09:55:33,395      PYCDC: Warning: block stack is not empty! at calcHumidRatio (comfort.pyc)
INFO     2026-09-07 09:55:33,395      Decrypting: 005387 (simulation.pyc)
WARNING  2026-09-07 09:55:33,400      PYCDC: Warning: block stack is not empty! at <module> (simulation.pyc)
WARNING  2026-09-07 09:55:33,400      PYCDC: Warning: block stack is not empty! at print_progress_bar (simulation.pyc)
WARNING  2026-09-07 09:55:33,400      PYCDC: Warning: block stack is not empty! at Simulation (simulation.pyc)
WARNING  2026-09-07 09:55:33,400      PYCDC: Warning: block stack is not empty! at __init__ (simulation.pyc)
WARNING  2026-09-07 09:55:33,400      PYCDC: Warning: Stack history is not empty! at getInputClass (simulation.pyc)
WARNING  2026-09-07 09:55:33,400      PYCDC: Warning: block stack is not empty! at getInputClass (simulation.pyc)
WARNING  2026-09-07 09:55:33,400      PYCDC: Warning: Stack history is not empty! at solarGain (simulation.pyc)
WARNING  2026-09-07 09:55:33,401      PYCDC: Warning: block stack is not empty! at solarGain (simulation.pyc)
WARNING  2026-09-07 09:55:33,401      PYCDC: Warning: block stack is not empty! at otherHeatGain (simulation.pyc)
WARNING  2026-09-07 09:55:33,401      PYCDC: Warning: block stack is not empty! at beforeIterate (simulation.pyc)
WARNING  2026-09-07 09:55:33,401      PYCDC: Warning: block stack is not empty! at initiate (simulation.pyc)
WARNING  2026-09-07 09:55:33,401      PYCDC: Warning: Stack history is not empty! at iterate (simulation.pyc)
WARNING  2026-09-07 09:55:33,401      PYCDC: Warning: block stack is not empty! at iterate (simulation.pyc)
WARNING  2026-09-07 09:55:33,401      PYCDC: Warning: Stack history is not empty! at _solve (simulation.pyc)
WARNING  2026-09-07 09:55:33,401      PYCDC: Warning: block stack is not empty! at _solve (simulation.pyc)
WARNING  2026-09-07 09:55:33,401      PYCDC: Warning: Stack history is not empty! at _solve (simulation.pyc)
WARNING  2026-09-07 09:55:33,401      PYCDC: Warning: block stack is not empty! at _solve (simulation.pyc)
WARNING  2026-09-07 09:55:33,401      PYCDC: Warning: Stack history is not empty! at _solve (simulation.pyc)
WARNING  2026-09-07 09:55:33,401      PYCDC: Warning: block stack is not empty! at _solve (simulation.pyc)
WARNING  2026-09-07 09:55:33,401      PYCDC: Warning: Stack history is not empty! at _solve (simulation.pyc)
WARNING  2026-09-07 09:55:33,401      PYCDC: Warning: block stack is not empty! at _solve (simulation.pyc)
WARNING  2026-09-07 09:55:33,401      PYCDC: Warning: block stack is not empty! at _recalc_hc_node (simulation.pyc)
ERROR    2026-09-07 09:55:33,401      PYCDC: Unsupported opcode: MAP_ADD (285) at <dictcomp> (simulation.pyc)
WARNING  2026-09-07 09:55:33,401      PYCDC: Warning: block stack is not empty! at hourlyAggregate (simulation.pyc)
WARNING  2026-09-07 09:55:33,401      PYCDC: Warning: block stack is not empty! at energy (simulation.pyc)
WARNING  2026-09-07 09:55:33,401      PYCDC: Warning: block stack is not empty! at renewables (simulation.pyc)
WARNING  2026-09-07 09:55:33,401      PYCDC: Warning: block stack is not empty! at aggregate (simulation.pyc)
WARNING  2026-09-07 09:55:33,401      PYCDC: Warning: Stack history is not empty! at comfAnalysis (simulation.pyc)
WARNING  2026-09-07 09:55:33,401      PYCDC: Warning: block stack is not empty! at comfAnalysis (simulation.pyc)
WARNING  2026-09-07 09:55:33,401      PYCDC: Warning: Stack history is empty, something wrong might have happened at postProcess (simulation.pyc)
WARNING  2026-09-07 09:55:33,401      PYCDC: Warning: block stack is not empty! at postProcess (simulation.pyc)
WARNING  2026-09-07 09:55:33,401      PYCDC: Warning: Stack history is empty, something wrong might have happened at dumpResults (simulation.pyc)
WARNING  2026-09-07 09:55:33,401      PYCDC: Warning: block stack is not empty! at dumpResults (simulation.pyc)
WARNING  2026-09-07 09:55:33,401      PYCDC: Warning: block stack is not empty! at run (simulation.pyc)
